
[1m[7m[36m RUN [39m[27m[22m [36mv2.1.9 [39m[90mC:/Users/division5_marketing/Downloads/Kejsan/Makina Elektrike/makinaelektrike[39m

[90mstdout[2m | services/gemini.test.ts[2m > [22m[2mgemini service[2m > [22m[2mstrips markdown code blocks before parsing JSON
[22m[39m[Gemini] Starting enrichment for: { brand: [32m'BYD'[39m, modelName: [32m'SEALION 7'[39m }
[Gemini] Config check: { isConfigured: [33mtrue[39m, isEnabled: [33mtrue[39m, hasApiKey: [33mtrue[39m }

[90mstdout[2m | services/gemini.test.ts[2m > [22m[2mgemini service[2m > [22m[2mstrips markdown code blocks before parsing JSON
[22m[39m[Gemini] Sending prompt...

[90mstdout[2m | services/gemini.test.ts[2m > [22m[2mgemini service[2m > [22m[2mthrows a readable error when Gemini is enabled but the response cannot be parsed
[22m[39m[Gemini] Starting enrichment for: { brand: [32m'Test'[39m, modelName: [32m'Model'[39m }
[Gemini] Config check: { isConfigured: [33mtrue[39m, isEnabled: [33mtrue[39m, hasApiKey: [33mtrue[39m }
[Gemini] Sending prompt...

 [31mÔØ»[39m services/gemini.test.ts [2m([22m[2m3 tests[22m[2m | [22m[31m2 failed[39m[2m)[22m[90m 153[2mms[22m[39m
[31m   [31m├ù[31m gemini service[2m > [22mstrips markdown code blocks before parsing JSON[90m 14[2mms[22m[31m[39m
[31m     ÔåÆ Cannot read properties of undefined (reading 'generateContent')[39m
[31m   [31m├ù[31m gemini service[2m > [22mthrows a readable error when Gemini is enabled but the response cannot be parsed[90m 8[2mms[22m[31m[39m
[31m     ÔåÆ expected [Function] to throw error matching /parsing failed/i but got 'Cannot read properties of undefined (ÔÇª'[39m

node.exe : 
[31mÔÄ»ÔÄ»ÔÄ»ÔÄ»ÔÄ»ÔÄ»ÔÄ»[1m[7m 
Failed Tests 2 
[27m[22mÔÄ»ÔÄ»ÔÄ»ÔÄ»ÔÄ»ÔÄ»ÔÄ»[39m
At C:\Users\division5_marketing\AppData\R
oaming\npm\npx.ps1:24 char:5
+     & "node$exe"  "$basedir/node_module
s/npm/bin/npx-cli.js" $args
+     ~~~~~~~~~~~~~~~~~~~~~~~~~~~~~~~~~~~
~~~~~~~~~~~~~~~~~~~~~~~~~~~
    + CategoryInfo          : NotSpecifi 
   ed: ([31mÔÄ»ÔÄ»ÔÄ»Ô...»ÔÄ»ÔÄ»ÔÄ»[3  
  9m:String) [], RemoteException
    + FullyQualifiedErrorId : NativeComm 
   andError
 

[31m[1m[7m FAIL [27m[22m[39m 
services/gemini.test.ts[2m > 
[22mgemini service[2m > [22mstrips 
markdown code blocks before parsing JSON
[31m[1mTypeError[22m: Cannot read 
properties of undefined (reading 
'generateContent')[39m
[36m [2mÔØ»[22m enrichModelWithGemini 
services/gemini.ts:[2m164:33[22m[39m
    [90m162| [39m  console[33m.[39m[
34mlog[39m([32m'[Gemini] Sending 
prompt...'[39m)[33m;[39m
    [90m163| [39m  
    [90m164| [39m  [35mconst[39m 
request [33m=[39m client[33m.[39mmode
ls[33m.[39m[34mgenerateContent[39m({
    [90m   | [39m                      
          [31m^[39m
    [90m165| [39m    model[33m:[39m 
[33mGEMINI_MODEL[39m[33m.[39m[34mstar
tsWith[39m([32m'models/'[39m) 
[33m?[39m [33mGEMINI_MODEL[39m 
[33m:[39m [32m`models[39mÔÇª
    [90m166| [39m    
contents[33m:[39m [{ role[33m:[39m 
[32m'user'[39m[33m,[39m 
parts[33m:[39m [{ text[33m:[39m 
prompt }] }][33m,[39m
[90m [2mÔØ»[22m services/gemini.test.t
s:[2m56:20[22m[39m

[31m[2mÔÄ»ÔÄ»ÔÄ»ÔÄ»ÔÄ»ÔÄ»ÔÄ»ÔÄ»ÔÄ»ÔÄ»ÔÄ
»ÔÄ»ÔÄ»ÔÄ»ÔÄ»ÔÄ»ÔÄ»ÔÄ»ÔÄ»ÔÄ»ÔÄ»ÔÄ»ÔÄ»ÔÄ»[
1/2]ÔÄ»[22m[39m

[31m[1m[7m FAIL [27m[22m[39m 
services/gemini.test.ts[2m > 
[22mgemini service[2m > [22mthrows a 
readable error when Gemini is enabled 
but the response cannot be parsed
[31m[1mAssertionError[22m: expected 
[Function] to throw error matching 
/parsing failed/i but got 'Cannot read 
properties of undefined (ÔÇª'[39m

[32m- Expected:[39m 
/parsing failed/i

[31m+ Received:[39m 
"Cannot read properties of undefined 
(reading 'generateContent')"

[36m [2mÔØ»[22m services/gemini.test.t
s:[2m70:5[22m[39m
    [90m 68| [39m    [35mconst[39m { 
enrichModelWithGemini } [33m=[39m 
[35mawait[39m [35mimport[39m([32m'./
gemini'[39m)[33m;[39m
    [90m 69| [39m
    [90m 70| [39m    [35mawait[39m [
34mexpect[39m([34menrichModelWithGemini
[39m([32m'Test'[39m[33m,[39m [32m'M
odel'[39m))[33m.[39mrejects[33m.[39m
[34mtoThr[39mÔÇª
    [90m   | [39m    [31m^[39m
    [90m 71| [39m  })[33m;[39m
    [90m 72| [39m})[33m;[39m

[31m[2mÔÄ»ÔÄ»ÔÄ»ÔÄ»ÔÄ»ÔÄ»ÔÄ»ÔÄ»ÔÄ»ÔÄ»ÔÄ
»ÔÄ»ÔÄ»ÔÄ»ÔÄ»ÔÄ»ÔÄ»ÔÄ»ÔÄ»ÔÄ»ÔÄ»ÔÄ»ÔÄ»ÔÄ»[
2/2]ÔÄ»[22m[39m

[2m Test Files [22m [1m[31m1 failed[39m[22m[90m (1)[39m
[2m      Tests [22m [1m[31m2 failed[39m[22m[2m | [22m[1m[32m1 passed[39m[22m[90m (3)[39m
[2m   Start at [22m 12:10:57
[2m   Duration [22m 876ms[2m (transform 166ms, setup 0ms, collect 58ms, tests 153ms, environment 0ms, prepare 176ms)[22m

